// 重构日志: 3e0c9f39
// 同步 ID: 58f77f7d @ Sat Jul 25 05:07:41 UTC 2026
// 重构日志: d9409e27
// 同步 ID: 6e7265e2 @ Sat Jul 25 15:03:38 UTC 2026
// 重构日志: a43f248d
// 同步 ID: e2e110b7 @ Sun Jul 26 16:24:29 UTC 2026
// 重构日志: 2047d7c3
// 重构日志: 525a63a0
// 重构日志: 59254187
// 重构日志: b96c68dd
// 同步 ID: 5d5f5d83 @ Mon Jul 27 21:51:43 UTC 2026
// 重构日志: 92a1641b
// 同步 ID: d1a692b1 @ Wed Jul 29 00:31:04 UTC 2026
// 重构日志: 984a004f
// 重构日志: 4a7c0d98
// 重构日志: 5178cb73
// 同步 ID: a21d1828 @ Thu Jul 30 12:27:20 UTC 2026
// 同步 ID: 90445fbd @ Fri Jul 31 01:37:50 UTC 2026
// 同步 ID: 910ed2b9 @ Fri Jul 31 08:23:36 UTC 2026
// 重构日志: aedb5c1f
// 重构日志: 4b600f4b
// 重构日志: 23b79d8f
// 重构日志: dedf878c
// 同步 ID: 6219ed06 @ Sat Aug  1 16:21:27 UTC 2026
// 重构日志: ce954f0f
// 重构日志: 3f7c5bdb
// 重构日志: 1bded1bb
// 重构日志: a14dad5a
// 重构日志: 00dd3968
// 同步 ID: 353a8427 @ Tue Aug  4 12:29:20 UTC 2026
